\BOOKMARK [1][-]{section.1}{\376\377\000T\000h\000e\000\040\000P\000r\000o\000b\000l\000e\000m\000:\000\040\000R\000e\000t\000r\000i\000e\000v\000a\000l\000\040\000I\000s\000\040\000N\000o\000t\000\040\000R\000e\000m\000e\000m\000b\000e\000r\000i\000n\000g}{}% 1
\BOOKMARK [2][-]{subsection.1.1}{\376\377\000C\000o\000n\000t\000e\000x\000t\000\040\000W\000i\000n\000d\000o\000w\000s\000\040\000A\000r\000e\000\040\000B\000o\000u\000n\000d\000e\000d}{section.1}% 2
\BOOKMARK [2][-]{subsection.1.2}{\376\377\000T\000h\000e\000\040\000S\000t\000a\000n\000d\000a\000r\000d\000\040\000S\000o\000l\000u\000t\000i\000o\000n\000:\000\040\000E\000m\000b\000e\000d\000\040\000a\000n\000d\000\040\000R\000e\000t\000r\000i\000e\000v\000e}{section.1}% 3
\BOOKMARK [2][-]{subsection.1.3}{\376\377\000R\000e\000l\000a\000t\000e\000d\000\040\000W\000o\000r\000k}{section.1}% 4
\BOOKMARK [2][-]{subsection.1.4}{\376\377\000T\000h\000e\000\040\000F\000a\000d\000i\000n\000g\000\040\000P\000r\000o\000b\000l\000e\000m}{section.1}% 5
\BOOKMARK [2][-]{subsection.1.5}{\376\377\000W\000h\000y\000\040\000R\000e\000t\000r\000i\000e\000v\000a\000l\000\040\000F\000a\000i\000l\000s\000\040\000a\000s\000\040\000M\000e\000m\000o\000r\000y}{section.1}% 6
\BOOKMARK [1][-]{section.2}{\376\377\000I\000n\000s\000p\000i\000r\000a\000t\000i\000o\000n\000:\000\040\000S\000l\000e\000e\000p\000-\000S\000t\000a\000g\000e\000\040\000M\000e\000m\000o\000r\000y\000\040\000C\000o\000n\000s\000o\000l\000i\000d\000a\000t\000i\000o\000n}{}% 7
\BOOKMARK [1][-]{section.3}{\376\377\000T\000h\000e\000\040\000D\000r\000e\000a\000m\000\040\000W\000e\000a\000v\000e\000r\000\040\000P\000r\000o\000t\000o\000c\000o\000l}{}% 8
\BOOKMARK [2][-]{subsection.3.1}{\376\377\000O\000v\000e\000r\000v\000i\000e\000w}{section.3}% 9
\BOOKMARK [2][-]{subsection.3.2}{\376\377\000S\000t\000e\000p\000\040\0001\000:\000\040\000R\000e\000a\000d}{section.3}% 10
\BOOKMARK [2][-]{subsection.3.3}{\376\377\000S\000t\000e\000p\000\040\0002\000:\000\040\000W\000r\000i\000t\000e}{section.3}% 11
\BOOKMARK [2][-]{subsection.3.4}{\376\377\000S\000t\000e\000p\000\040\0003\000:\000\040\000S\000u\000r\000v\000i\000v\000e}{section.3}% 12
\BOOKMARK [2][-]{subsection.3.5}{\376\377\000T\000h\000i\000n\000k\000i\000n\000g\000\040\000D\000e\000p\000t\000h}{section.3}% 13
\BOOKMARK [1][-]{section.4}{\376\377\000I\000m\000p\000l\000e\000m\000e\000n\000t\000a\000t\000i\000o\000n}{}% 14
\BOOKMARK [2][-]{subsection.4.1}{\376\377\000S\000y\000s\000t\000e\000m\000\040\000A\000r\000c\000h\000i\000t\000e\000c\000t\000u\000r\000e}{section.4}% 15
\BOOKMARK [2][-]{subsection.4.2}{\376\377\000T\000h\000e\000\040\000T\000r\000i\000g\000g\000e\000r\000\040\000E\000v\000e\000n\000t}{section.4}% 16
\BOOKMARK [2][-]{subsection.4.3}{\376\377\000P\000r\000o\000t\000o\000c\000o\000l\000\040\000E\000x\000e\000c\000u\000t\000i\000o\000n}{section.4}% 17
\BOOKMARK [2][-]{subsection.4.4}{\376\377\000C\000o\000n\000t\000e\000x\000t\000\040\000O\000v\000e\000r\000f\000l\000o\000w\000\040\000a\000s\000\040\000F\000e\000a\000t\000u\000r\000e}{section.4}% 18
\BOOKMARK [1][-]{section.5}{\376\377\000R\000e\000s\000u\000l\000t\000s}{}% 19
\BOOKMARK [2][-]{subsection.5.1}{\376\377\000O\000u\000t\000p\000u\000t\000\040\000A\000r\000t\000i\000f\000a\000c\000t\000s}{section.5}% 20
\BOOKMARK [2][-]{subsection.5.2}{\376\377\000W\000h\000a\000t\000\040\000t\000h\000e\000\040\000P\000r\000o\000t\000o\000c\000o\000l\000\040\000R\000e\000c\000o\000v\000e\000r\000e\000d}{section.5}% 21
\BOOKMARK [2][-]{subsection.5.3}{\376\377\000W\000h\000a\000t\000\040\000t\000h\000e\000\040\000P\000r\000o\000t\000o\000c\000o\000l\000\040\000P\000r\000o\000d\000u\000c\000e\000d\000\040\000T\000h\000a\000t\000\040\000D\000i\000d\000n\000'\000t\000\040\000E\000x\000i\000s\000t\000\040\000B\000e\000f\000o\000r\000e}{section.5}% 22
\BOOKMARK [2][-]{subsection.5.4}{\376\377\000F\000a\000l\000s\000i\000f\000i\000a\000b\000l\000e\000\040\000P\000r\000e\000d\000i\000c\000t\000i\000o\000n}{section.5}% 23
\BOOKMARK [1][-]{section.6}{\376\377\000D\000i\000s\000c\000u\000s\000s\000i\000o\000n}{}% 24
\BOOKMARK [2][-]{subsection.6.1}{\376\377\000W\000h\000y\000\040\000N\000a\000r\000r\000a\000t\000i\000v\000e\000,\000\040\000N\000o\000t\000\040\000S\000t\000r\000u\000c\000t\000u\000r\000e}{section.6}% 25
\BOOKMARK [2][-]{subsection.6.2}{\376\377\000T\000h\000e\000\040\000P\000r\000e\000s\000e\000n\000c\000e\000\040\000P\000r\000o\000b\000l\000e\000m}{section.6}% 26
\BOOKMARK [2][-]{subsection.6.3}{\376\377\000T\000h\000e\000\040\000D\000i\000a\000g\000n\000o\000s\000t\000i\000c\000\040\000G\000a\000p\000:\000\040\000W\000h\000o\000\040\000N\000o\000t\000i\000c\000e\000s\000\040\000t\000h\000e\000\040\000F\000a\000d\000i\000n\000g\000?}{section.6}% 27
\BOOKMARK [2][-]{subsection.6.4}{\376\377\000R\000e\000c\000o\000n\000s\000o\000l\000i\000d\000a\000t\000i\000o\000n\000\040\000D\000r\000i\000f\000t}{section.6}% 28
\BOOKMARK [2][-]{subsection.6.5}{\376\377\000S\000u\000s\000t\000a\000i\000n\000a\000b\000i\000l\000i\000t\000y\000:\000\040\000C\000r\000o\000n\000,\000\040\000N\000o\000t\000\040\000C\000r\000i\000s\000i\000s}{section.6}% 29
\BOOKMARK [2][-]{subsection.6.6}{\376\377\000C\000o\000s\000t\000\040\000a\000n\000d\000\040\000S\000c\000a\000l\000a\000b\000i\000l\000i\000t\000y}{section.6}% 30
\BOOKMARK [2][-]{subsection.6.7}{\376\377\000T\000h\000e\000\040\000`\000`\000J\000o\000u\000r\000n\000a\000l\000i\000n\000g\000\040\000W\000i\000t\000h\000\040\000E\000x\000t\000r\000a\000\040\000S\000t\000e\000p\000s\000'\000'\000\040\000O\000b\000j\000e\000c\000t\000i\000o\000n}{section.6}% 31
\BOOKMARK [2][-]{subsection.6.8}{\376\377\000O\000t\000h\000e\000r\000\040\000L\000i\000m\000i\000t\000a\000t\000i\000o\000n\000s}{section.6}% 32
\BOOKMARK [2][-]{subsection.6.9}{\376\377\000M\000o\000d\000e\000l\000\040\000P\000o\000r\000t\000a\000b\000i\000l\000i\000t\000y}{section.6}% 33
\BOOKMARK [2][-]{subsection.6.10}{\376\377\000A\000\040\000N\000o\000t\000e\000\040\000o\000n\000\040\000L\000a\000n\000g\000u\000a\000g\000e}{section.6}% 34
\BOOKMARK [1][-]{section.7}{\376\377\000T\000h\000e\000\040\000P\000r\000o\000t\000o\000c\000o\000l\000\040\000S\000p\000e\000c\000i\000f\000i\000c\000a\000t\000i\000o\000n}{}% 35
\BOOKMARK [1][-]{section.8}{\376\377\000P\000o\000s\000i\000t\000i\000o\000n\000\040\000i\000n\000\040\000t\000h\000e\000\040\000A\000g\000e\000n\000t\000\040\000M\000e\000m\000o\000r\000y\000\040\000S\000t\000a\000c\000k}{}% 36
\BOOKMARK [2][-]{subsection.8.1}{\376\377\000R\000e\000l\000a\000t\000i\000o\000n\000s\000h\000i\000p\000\040\000t\000o\000\040\000S\000u\000m\000m\000a\000r\000i\000z\000a\000t\000i\000o\000n}{section.8}% 37
\BOOKMARK [2][-]{subsection.8.2}{\376\377\000R\000e\000l\000a\000t\000i\000o\000n\000s\000h\000i\000p\000\040\000t\000o\000\040\000C\000o\000m\000p\000l\000e\000m\000e\000n\000t\000a\000r\000y\000\040\000P\000r\000o\000t\000o\000c\000o\000l\000s}{section.8}% 38
\BOOKMARK [1][-]{section.9}{\376\377\000W\000a\000r\000m\000-\000S\000t\000a\000r\000t\000\040\000B\000o\000o\000t\000\040\000S\000e\000q\000u\000e\000n\000c\000e}{}% 39
\BOOKMARK [2][-]{subsection.9.1}{\376\377\000S\000H\000A\000R\000E\000D\000-\000C\000O\000N\000T\000E\000X\000T\000.\000m\000d\000\040\000S\000p\000e\000c\000i\000f\000i\000c\000a\000t\000i\000o\000n}{section.9}% 40
\BOOKMARK [1][-]{section.10}{\376\377\000C\000o\000n\000s\000o\000l\000i\000d\000a\000t\000i\000o\000n\000\040\000F\000r\000e\000q\000u\000e\000n\000c\000y}{}% 41
\BOOKMARK [2][-]{subsection.10.1}{\376\377\000W\000h\000e\000n\000\040\000t\000o\000\040\000R\000u\000n}{section.10}% 42
\BOOKMARK [2][-]{subsection.10.2}{\376\377\000C\000o\000s\000t\000\040\000C\000o\000n\000s\000i\000d\000e\000r\000a\000t\000i\000o\000n\000s}{section.10}% 43
\BOOKMARK [2][-]{subsection.10.3}{\376\377\000I\000n\000c\000r\000e\000m\000e\000n\000t\000a\000l\000\040\000v\000s\000\040\000F\000u\000l\000l}{section.10}% 44
\BOOKMARK [1][-]{section.11}{\376\377\000E\000v\000a\000l\000u\000a\000t\000i\000o\000n\000\040\000F\000r\000a\000m\000e\000w\000o\000r\000k}{}% 45
\BOOKMARK [2][-]{subsection.11.1}{\376\377\000Q\000u\000a\000n\000t\000i\000t\000a\000t\000i\000v\000e\000\040\000M\000e\000t\000r\000i\000c\000s}{section.11}% 46
\BOOKMARK [2][-]{subsection.11.2}{\376\377\000Q\000u\000a\000l\000i\000t\000a\000t\000i\000v\000e\000\040\000I\000n\000d\000i\000c\000a\000t\000o\000r\000s}{section.11}% 47
\BOOKMARK [2][-]{subsection.11.3}{\376\377\000B\000a\000s\000e\000l\000i\000n\000e\000\040\000C\000o\000m\000p\000a\000r\000i\000s\000o\000n}{section.11}% 48
\BOOKMARK [1][-]{section.12}{\376\377\000C\000o\000n\000c\000l\000u\000s\000i\000o\000n}{}% 49
